ReferenceError: E:\LuckyBloxLauncher\NEW LKL\Release\luckyblox-server\Webserver\http-db-bridge\views\signup.ejs:260
    258|         <form class="signin-form" method="POST" action="/signup" id="signupForm">
    259|           <input type="hidden" name="_csrf" value="<%= typeof csrfToken !== 'undefined' ? csrfToken : '' %>" />
 >> 260|           <input type="hidden" name="redirect" value="<%= redirect || '' %>" />
    261| 
    262|           <div class="signin-field">
    263|             <label>Birthday</label>

redirect is not defined
    at eval (eval at compile (E:\LuckyBloxLauncher\NEW LKL\Release\luckyblox-server\Webserver\http-db-bridge\node_modules\ejs\lib\ejs.js:673:12), <anonymous>:27:26)
    at signup (E:\LuckyBloxLauncher\NEW LKL\Release\luckyblox-server\Webserver\http-db-bridge\node_modules\ejs\lib\ejs.js:703:17)
    at tryHandleCache (E:\LuckyBloxLauncher\NEW LKL\Release\luckyblox-server\Webserver\http-db-bridge\node_modules\ejs\lib\ejs.js:274:36)
    at exports.renderFile [as engine] (E:\LuckyBloxLauncher\NEW LKL\Release\luckyblox-server\Webserver\http-db-bridge\node_modules\ejs\lib\ejs.js:491:10)
    at View.render (E:\LuckyBloxLauncher\NEW LKL\Release\luckyblox-server\Webserver\http-db-bridge\node_modules\express\lib\view.js:135:8)
    at tryRender (E:\LuckyBloxLauncher\NEW LKL\Release\luckyblox-server\Webserver\http-db-bridge\node_modules\express\lib\application.js:657:10)
    at app.render (E:\LuckyBloxLauncher\NEW LKL\Release\luckyblox-server\Webserver\http-db-bridge\node_modules\express\lib\application.js:609:3)
    at ServerResponse.render (E:\LuckyBloxLauncher\NEW LKL\Release\luckyblox-server\Webserver\http-db-bridge\node_modules\express\lib\response.js:1049:7)
    at renderError (E:\LuckyBloxLauncher\NEW LKL\Release\luckyblox-server\Webserver\http-db-bridge\server.js:2423:63)
    at E:\LuckyBloxLauncher\NEW LKL\Release\luckyblox-server\Webserver\http-db-bridge\server.js:2456:12
ReferenceError: E:\LuckyBloxLauncher\NEW LKL\Release\luckyblox-server\Webserver\http-db-bridge\views\signup.ejs:260
    258|         <form class="signin-form" method="POST" action="/signup" id="signupForm">
    259|           <input type="hidden" name="_csrf" value="<%= typeof csrfToken !== 'undefined' ? csrfToken : '' %>" />
 >> 260|           <input type="hidden" name="redirect" value="<%= redirect || '' %>" />
    261| 
    262|           <div class="signin-field">
    263|             <label>Birthday</label>

redirect is not defined
    at eval (eval at compile (E:\LuckyBloxLauncher\NEW LKL\Release\luckyblox-server\Webserver\http-db-bridge\node_modules\ejs\lib\ejs.js:673:12), <anonymous>:27:26)
    at signup (E:\LuckyBloxLauncher\NEW LKL\Release\luckyblox-server\Webserver\http-db-bridge\node_modules\ejs\lib\ejs.js:703:17)
    at tryHandleCache (E:\LuckyBloxLauncher\NEW LKL\Release\luckyblox-server\Webserver\http-db-bridge\node_modules\ejs\lib\ejs.js:274:36)
    at exports.renderFile [as engine] (E:\LuckyBloxLauncher\NEW LKL\Release\luckyblox-server\Webserver\http-db-bridge\node_modules\ejs\lib\ejs.js:491:10)
    at View.render (E:\LuckyBloxLauncher\NEW LKL\Release\luckyblox-server\Webserver\http-db-bridge\node_modules\express\lib\view.js:135:8)
    at tryRender (E:\LuckyBloxLauncher\NEW LKL\Release\luckyblox-server\Webserver\http-db-bridge\node_modules\express\lib\application.js:657:10)
    at app.render (E:\LuckyBloxLauncher\NEW LKL\Release\luckyblox-server\Webserver\http-db-bridge\node_modules\express\lib\application.js:609:3)
    at ServerResponse.render (E:\LuckyBloxLauncher\NEW LKL\Release\luckyblox-server\Webserver\http-db-bridge\node_modules\express\lib\response.js:1049:7)
    at renderError (E:\LuckyBloxLauncher\NEW LKL\Release\luckyblox-server\Webserver\http-db-bridge\server.js:2423:63)
    at E:\LuckyBloxLauncher\NEW LKL\Release\luckyblox-server\Webserver\http-db-bridge\server.js:2456:12
ReferenceError: E:\LuckyBloxLauncher\NEW LKL\Release\luckyblox-server\Webserver\http-db-bridge\views\signup.ejs:260
    258|         <form class="signin-form" method="POST" action="/signup" id="signupForm">
    259|           <input type="hidden" name="_csrf" value="<%= typeof csrfToken !== 'undefined' ? csrfToken : '' %>" />
 >> 260|           <input type="hidden" name="redirect" value="<%= redirect || '' %>" />
    261| 
    262|           <div class="signin-field">
    263|             <label>Birthday</label>

redirect is not defined
    at eval (eval at compile (E:\LuckyBloxLauncher\NEW LKL\Release\luckyblox-server\Webserver\http-db-bridge\node_modules\ejs\lib\ejs.js:673:12), <anonymous>:27:26)
    at signup (E:\LuckyBloxLauncher\NEW LKL\Release\luckyblox-server\Webserver\http-db-bridge\node_modules\ejs\lib\ejs.js:703:17)
    at tryHandleCache (E:\LuckyBloxLauncher\NEW LKL\Release\luckyblox-server\Webserver\http-db-bridge\node_modules\ejs\lib\ejs.js:274:36)
    at exports.renderFile [as engine] (E:\LuckyBloxLauncher\NEW LKL\Release\luckyblox-server\Webserver\http-db-bridge\node_modules\ejs\lib\ejs.js:491:10)
    at View.render (E:\LuckyBloxLauncher\NEW LKL\Release\luckyblox-server\Webserver\http-db-bridge\node_modules\express\lib\view.js:135:8)
    at tryRender (E:\LuckyBloxLauncher\NEW LKL\Release\luckyblox-server\Webserver\http-db-bridge\node_modules\express\lib\application.js:657:10)
    at app.render (E:\LuckyBloxLauncher\NEW LKL\Release\luckyblox-server\Webserver\http-db-bridge\node_modules\express\lib\application.js:609:3)
    at ServerResponse.render (E:\LuckyBloxLauncher\NEW LKL\Release\luckyblox-server\Webserver\http-db-bridge\node_modules\express\lib\response.js:1049:7)
    at renderError (E:\LuckyBloxLauncher\NEW LKL\Release\luckyblox-server\Webserver\http-db-bridge\server.js:2423:63)
    at E:\LuckyBloxLauncher\NEW LKL\Release\luckyblox-server\Webserver\http-db-bridge\server.js:2456:12
